\BOOKMARK [1][-]{section.1}{\376\377\000I\000n\000t\000r\000o\000d\000u\000c\000t\000i\000o\000n}{}% 1
\BOOKMARK [2][-]{subsection.1.1}{\376\377\000P\000r\000o\000b\000l\000e\000m}{section.1}% 2
\BOOKMARK [2][-]{subsection.1.2}{\376\377\000G\000o\000a\000l}{section.1}% 3
\BOOKMARK [2][-]{subsection.1.3}{\376\377\000S\000o\000l\000u\000t\000i\000o\000n}{section.1}% 4
\BOOKMARK [1][-]{section.2}{\376\377\000T\000e\000r\000m\000i\000n\000o\000l\000o\000g\000y}{}% 5
\BOOKMARK [2][-]{subsection.2.1}{\376\377\000T\000e\000c\000h\000n\000i\000c\000a\000l\000\040\000T\000e\000r\000m\000s}{section.2}% 6
\BOOKMARK [2][-]{subsection.2.2}{\376\377\000Q\000u\000a\000l\000i\000t\000a\000t\000i\000v\000e\000\040\000T\000e\000r\000m\000s}{section.2}% 7
\BOOKMARK [1][-]{section.3}{\376\377\000S\000e\000r\000v\000i\000c\000e\000s\000\040\000a\000n\000d\000\040\000T\000e\000c\000h\000n\000o\000l\000o\000g\000i\000e\000s}{}% 8
\BOOKMARK [2][-]{subsection.3.1}{\376\377\000C\000l\000o\000u\000d\000f\000l\000a\000r\000e}{section.3}% 9
\BOOKMARK [3][-]{subsubsection.3.1.1}{\376\377\000R\000e\000g\000i\000s\000t\000r\000a\000r}{subsection.3.1}% 10
\BOOKMARK [3][-]{subsubsection.3.1.2}{\376\377\000I\000m\000a\000g\000e\000s}{subsection.3.1}% 11
\BOOKMARK [3][-]{subsubsection.3.1.3}{\376\377\000Q\000u\000a\000l\000i\000t\000i\000e\000s}{subsection.3.1}% 12
\BOOKMARK [3][-]{subsubsection.3.1.4}{\376\377\000P\000r\000i\000c\000e\000\040\000B\000r\000e\000a\000k\000d\000o\000w\000n}{subsection.3.1}% 13
\BOOKMARK [1][-]{section.4}{\376\377\000R\000o\000l\000e\000s}{}% 14
\BOOKMARK [2][-]{subsection.4.1}{\376\377\000R\000e\000c\000r\000u\000i\000t\000i\000n\000g}{section.4}% 15
\BOOKMARK [1][-]{section.5}{\376\377\000P\000r\000o\000j\000e\000c\000t\000\040\000T\000i\000m\000e\000l\000i\000n\000e}{}% 16
\BOOKMARK [2][-]{subsection.5.1}{\376\377\000R\000e\000p\000a\000i\000r}{section.5}% 17
\BOOKMARK [2][-]{subsection.5.2}{\376\377\000D\000e\000s\000i\000g\000n}{section.5}% 18
\BOOKMARK [2][-]{subsection.5.3}{\376\377\000D\000e\000v\000e\000l\000o\000p}{section.5}% 19
\BOOKMARK [2][-]{subsection.5.4}{\376\377\000T\000e\000a\000c\000h}{section.5}% 20
